eeschema (2013-jul-07)-stable  >> Creation date: Wednesday 24 June 2015 07:10:50 PM IST
#Cmp ( order = Reference ) (with SubCmp)
| 1k1        R           ;             ;             
| 1k2        R           ;             ;             
| 1k3        R           ;             ;             
| 1k4        R           ;             ;             
| C1         C           ;             ;             
| C2         C           ;             ;             
| C3         CP          ;             ;             
| CON1A      CONNECTOR_6_PIN;             ;             
| D1         LED         ;             ;             
| D2         LED         ;             ;             
| D3         LED         ;             ;             
| D4         LED         ;             ;             
| D5         LED         ;             ;             
| D6         LED         ;             ;             
| D7         LED         ;             ;             
| D8         LED         ;             ;             
| D9         LED         ;             ;             
| D10        LED         ;             ;             
| D11        LED         ;             ;             
| D12        LED         ;             ;             
| D13        LED         ;             ;             
| D14        LED         ;             ;             
| D15        LED         ;             ;             
| D16        LED         ;             ;             
| D17        LED         ;             ;             
| D18        LED         ;             ;             
| D19        LED         ;             ;             
| D20        LED         ;             ;             
| D21        LED         ;             ;             
| D22        LED         ;             ;             
| D23        LED         ;             ;             
| D24        LED         ;             ;             
| D25        LED         ;             ;             
| D26        DIODE       ;             ;             
| DS1        RC1602A-GHW-ESX;             ;             
| IC1        ATMEGA328-P ;             ;             
| IC2A       74HC595N    ;             ;             
| IC3A       74AC164N    ;             ;             
| IC4A       74AC164N    ;             ;             
| R1         R           ;             ;             
| R2         1k          ;             ;             
| R3         10k         ;             ;             
| R4         1k          ;             ;             
| R5         1k          ;             ;             
| R6         10k         ;             ;             
| R7         10k         ;             ;             
| R8         1k          ;             ;             
| R9         10k         ;             ;             
| R10        R           ;             ;             
| R11        1k          ;             ;             
| R12        1k          ;             ;             
| R13        1k          ;             ;             
| R14        1k          ;             ;             
| R15        1k          ;             ;             
| R16        1k          ;             ;             
| R17        1k          ;             ;             
| R18        1k          ;             ;             
| R19        1k          ;             ;             
| R20        1k          ;             ;             
| R21        1k          ;             ;             
| R22        1k          ;             ;             
| R23        1k          ;             ;             
| R24        1k          ;             ;             
| R25        1k          ;             ;             
| R26        1k          ;             ;             
| R27        1k          ;             ;             
| RV1        POT         ;             ;             
| RV2        POT         ;             ;             
| RV3        POT         ;             ;             
| RV4        POT         ;             ;             
| RV5        10k         ;             ;             
| S1         IR_SENSOR   ;             ;             
| S2         IR_SENSOR   ;             ;             
| S3         IR_SENSOR   ;             ;             
| S4         IR_SENSOR   ;             ;             
| SW1        SW_PUSH     ;             ;             
| U1A        LM358       ;             ;             
| U1B        LM358       ;             ;             
| U2         LM741       ;             ;             
| U3         LM741       ;             ;             
| U4         LM7805      ;             ;             
| X1         CRYSTAL     ;             ;             
#End Cmp

#Cmp ( order = Value ) (with SubCmp)
| C            C1        Loc /(X=5.800 ", Y=5.600 ");             ;             
| C            C2        Loc /(X=6.600 ", Y=5.600 ");             ;             
| CP           C3        Loc /Power Module/(X=3.000 ", Y=1.550 ");             ;             
| CONNECTOR_6_PIN CON1A     Loc /lcd_module/(X=9.100 ", Y=1.950 ");             ;             
| LED          D1        Loc /(X=6.050 ", Y=3.750 ");             ;             
| LED          D2        Loc /sensor_module/(X=2.500 ", Y=0.900 ");             ;             
| LED          D3        Loc /sensor_module/(X=4.450 ", Y=1.600 ");             ;             
| LED          D4        Loc /sensor_module/(X=2.500 ", Y=2.750 ");             ;             
| LED          D5        Loc /sensor_module/(X=2.500 ", Y=4.750 ");             ;             
| LED          D6        Loc /sensor_module/(X=4.450 ", Y=3.450 ");             ;             
| LED          D7        Loc /sensor_module/(X=4.450 ", Y=5.450 ");             ;             
| LED          D8        Loc /sensor_module/(X=6.550 ", Y=4.750 ");             ;             
| LED          D9        Loc /sensor_module/(X=8.500 ", Y=5.450 ");             ;             
| LED          D10       Loc /traffic_light_leds/(X=4.450 ", Y=1.450 ");             ;             
| LED          D11       Loc /traffic_light_leds/(X=4.450 ", Y=1.600 ");             ;             
| LED          D12       Loc /traffic_light_leds/(X=4.450 ", Y=1.750 ");             ;             
| LED          D13       Loc /traffic_light_leds/(X=4.450 ", Y=1.900 ");             ;             
| LED          D14       Loc /traffic_light_leds/(X=4.450 ", Y=2.550 ");             ;             
| LED          D15       Loc /traffic_light_leds/(X=4.450 ", Y=2.700 ");             ;             
| LED          D16       Loc /traffic_light_leds/(X=4.450 ", Y=2.850 ");             ;             
| LED          D17       Loc /traffic_light_leds/(X=4.450 ", Y=3.000 ");             ;             
| LED          D18       Loc /traffic_light_leds/(X=4.450 ", Y=3.700 ");             ;             
| LED          D19       Loc /traffic_light_leds/(X=4.450 ", Y=3.850 ");             ;             
| LED          D20       Loc /traffic_light_leds/(X=4.450 ", Y=4.000 ");             ;             
| LED          D21       Loc /traffic_light_leds/(X=4.450 ", Y=4.150 ");             ;             
| LED          D22       Loc /traffic_light_leds/(X=4.450 ", Y=4.850 ");             ;             
| LED          D23       Loc /traffic_light_leds/(X=4.450 ", Y=5.000 ");             ;             
| LED          D24       Loc /traffic_light_leds/(X=4.450 ", Y=5.150 ");             ;             
| LED          D25       Loc /traffic_light_leds/(X=4.450 ", Y=5.300 ");             ;             
| DIODE        D26       Loc /Power Module/(X=2.600 ", Y=1.300 ");             ;             
| RC1602A-GHW-ESX DS1       Loc /lcd_module/(X=4.700 ", Y=1.950 ");             ;             
| 74AC164N     IC3A      Loc /traffic_light_leds/(X=7.450 ", Y=2.750 ");             ;             
| 74AC164N     IC4A      Loc /traffic_light_leds/(X=7.450 ", Y=4.050 ");             ;             
| 74HC595N     IC2A      Loc /lcd_module/(X=6.900 ", Y=2.650 ");             ;             
| ATMEGA328-P  IC1       Loc /(X=2.450 ", Y=5.250 ");             ;             
| 1k           R2        Loc /sensor_module/(X=2.500 ", Y=1.500 ");             ;             
| 1k           R4        Loc /sensor_module/(X=2.500 ", Y=3.350 ");             ;             
| 1k           R5        Loc /sensor_module/(X=2.500 ", Y=5.350 ");             ;             
| 1k           R8        Loc /sensor_module/(X=6.550 ", Y=5.350 ");             ;             
| 1k           R11       Loc /lcd_module/(X=5.400 ", Y=2.900 ");             ;             
| 1k           R12       Loc /traffic_light_leds/(X=5.000 ", Y=1.450 ");             ;             
| 1k           R13       Loc /traffic_light_leds/(X=5.000 ", Y=1.600 ");             ;             
| 1k           R14       Loc /traffic_light_leds/(X=5.000 ", Y=1.750 ");             ;             
| 1k           R15       Loc /traffic_light_leds/(X=5.000 ", Y=1.900 ");             ;             
| 1k           R16       Loc /traffic_light_leds/(X=5.000 ", Y=2.550 ");             ;             
| 1k           R17       Loc /traffic_light_leds/(X=5.000 ", Y=2.700 ");             ;             
| 1k           R18       Loc /traffic_light_leds/(X=5.000 ", Y=2.850 ");             ;             
| 1k           R19       Loc /traffic_light_leds/(X=5.000 ", Y=3.000 ");             ;             
| 1k           R20       Loc /traffic_light_leds/(X=5.000 ", Y=3.700 ");             ;             
| 1k           R21       Loc /traffic_light_leds/(X=5.000 ", Y=3.850 ");             ;             
| 1k           R22       Loc /traffic_light_leds/(X=5.000 ", Y=4.000 ");             ;             
| 1k           R23       Loc /traffic_light_leds/(X=5.000 ", Y=4.150 ");             ;             
| 1k           R24       Loc /traffic_light_leds/(X=5.000 ", Y=4.850 ");             ;             
| 1k           R25       Loc /traffic_light_leds/(X=5.000 ", Y=5.000 ");             ;             
| 1k           R26       Loc /traffic_light_leds/(X=5.000 ", Y=5.150 ");             ;             
| 1k           R27       Loc /traffic_light_leds/(X=5.000 ", Y=5.300 ");             ;             
| 10k          R3        Loc /sensor_module/(X=2.800 ", Y=1.550 ");             ;             
| 10k          R6        Loc /sensor_module/(X=2.800 ", Y=3.400 ");             ;             
| 10k          R7        Loc /sensor_module/(X=2.800 ", Y=5.400 ");             ;             
| 10k          R9        Loc /sensor_module/(X=6.850 ", Y=5.400 ");             ;             
| R            R1        Loc /(X=7.800 ", Y=5.750 ");             ;             
| R            R10       Loc /(X=6.050 ", Y=4.300 ");             ;             
| 10k          RV5       Loc /lcd_module/(X=4.150 ", Y=3.000 ");             ;             
| POT          RV1       Loc /sensor_module/(X=3.150 ", Y=1.950 ");             ;             
| POT          RV2       Loc /sensor_module/(X=3.150 ", Y=3.800 ");             ;             
| POT          RV3       Loc /sensor_module/(X=3.150 ", Y=5.800 ");             ;             
| POT          RV4       Loc /sensor_module/(X=7.200 ", Y=5.800 ");             ;             
| IR_SENSOR    S1        Loc /sensor_module/(X=3.250 ", Y=1.050 ");             ;             
| IR_SENSOR    S2        Loc /sensor_module/(X=3.250 ", Y=2.900 ");             ;             
| IR_SENSOR    S3        Loc /sensor_module/(X=3.250 ", Y=4.900 ");             ;             
| IR_SENSOR    S4        Loc /sensor_module/(X=7.300 ", Y=4.900 ");             ;             
| SW_PUSH      SW1       Loc /(X=7.500 ", Y=6.150 ");             ;             
| LM358        U1A       Loc /sensor_module/(X=3.850 ", Y=1.350 ");             ;             
| LM358        U1B       Loc /sensor_module/(X=3.850 ", Y=3.200 ");             ;             
| LM741        U2        Loc /sensor_module/(X=3.850 ", Y=5.200 ");             ;             
| LM741        U3        Loc /sensor_module/(X=7.900 ", Y=5.200 ");             ;             
| LM7805       U4        Loc /Power Module/(X=3.400 ", Y=1.350 ");             ;             
| R            1k1       Loc /sensor_module/(X=4.450 ", Y=2.100 ");             ;             
| CRYSTAL      X1        Loc /(X=6.200 ", Y=5.550 ");             ;             
| R            1k4       Loc /sensor_module/(X=8.500 ", Y=5.950 ");             ;             
| R            1k3       Loc /sensor_module/(X=4.450 ", Y=5.950 ");             ;             
| R            1k2       Loc /sensor_module/(X=4.450 ", Y=3.950 ");             ;             
#End Cmp

#End List
